FOCUSED CART API TEST - VERIFYING UPDATED_AT FIX
================================================================================

============================================================
TESTING CART API WITH USER CREATION APPROACH
============================================================
Step 1: Creating user with email: carttest_52d70ba3@example.com
Registration Response Status: 404
Registration Response: 404 page not found

python : Traceback 
(most recent call 
last):
At line:1 char:1
+ python 
cart_test_focused.py 
> test_output.txt 
2>&1
+ ~~~~~~~~~~~~~~~~~~~
~~~~~~~~~~~~~~~~~~~~~
~~~~~~~~~~
    + CategoryInfo   
           : NotSpe  
  cified: (Traceba   
 ck (most recent     
call last)::Stri    
ng) [], RemoteEx    
ception
    + FullyQualified 
   ErrorId : Native  
  CommandError
 
  File "D:\shopping-w
ebsite-new-main\cart_
test_focused.py", 
line 52, in test_cart
_with_existing_user
    print(f"\u274c 
Registration failed 
with status {response
.status_code}")
  File "C:\Users\JEO 
GODSON SAMUEL J\AppDa
ta\Local\Programs\Pyt
hon\Python312\Lib\enc
odings\cp1252.py", 
line 19, in encode
    return codecs.cha
rmap_encode(input,sel
f.errors,encoding_tab
le)[0]
           ^^^^^^^^^^
^^^^^^^^^^^^^^^^^^^^^
^^^^^^^^^^^^^^^^^^^^^
^^^
UnicodeEncodeError: 
'charmap' codec 
can't encode 
character '\u274c' 
in position 0: 
character maps to 
<undefined>

During handling of 
the above exception, 
another exception 
occurred:

Traceback (most 
recent call last):
  File "D:\shopping-w
ebsite-new-main\cart_
test_focused.py", 
line 170, in <module>
    success = main()
              ^^^^^^
  File "D:\shopping-w
ebsite-new-main\cart_
test_focused.py", 
line 152, in main
    success = test_ca
rt_with_existing_user
()
              ^^^^^^^
^^^^^^^^^^^^^^^^^^^^^
^^
  File "D:\shopping-w
ebsite-new-main\cart_
test_focused.py", 
line 56, in test_cart
_with_existing_user
    print(f"\u274c 
Exception during 
user registration: 
{str(e)}")
  File "C:\Users\JEO 
GODSON SAMUEL J\AppDa
ta\Local\Programs\Pyt
hon\Python312\Lib\enc
odings\cp1252.py", 
line 19, in encode
    return codecs.cha
rmap_encode(input,sel
f.errors,encoding_tab
le)[0]
           ^^^^^^^^^^
^^^^^^^^^^^^^^^^^^^^^
^^^^^^^^^^^^^^^^^^^^^
^^^
UnicodeEncodeError: 
'charmap' codec 
can't encode 
character '\u274c' 
in position 0: 
character maps to 
<undefined>
